// Jest Snapshot v1, https://goo.gl/fbAQLP

exports[`Edit section component renders the UI as expected 1`] = `
Array [
  " ",
  " ",
]
`;
